
git init
(one time only)


git add .
git commit -m<your Message>

//want to upload
git push origin master

//want to download
git pull origin master

// create new branch
git checkout -b <branch name>

//access branch
git checkout <branch name>



//////////
Microsoft Windows [Version 10.0.18363.1198]
(c) 2019 Microsoft Corporation. All rights reserved.

E:\Gamica Cloud\Git>git
usage: git [--version] [--help] [-C <path>] [-c <name>=<value>]
           [--exec-path[=<path>]] [--html-path] [--man-path] [--info-path]
           [-p | --paginate | -P | --no-pager] [--no-replace-objects] [--bare]
           [--git-dir=<path>] [--work-tree=<path>] [--namespace=<name>]
           <command> [<args>]

These are common Git commands used in various situations:

start a working area (see also: git help tutorial)
   clone             Clone a repository into a new directory
   init              Create an empty Git repository or reinitialize an existing one

work on the current change (see also: git help everyday)
   add               Add file contents to the index
   mv                Move or rename a file, a directory, or a symlink
   restore           Restore working tree files
   rm                Remove files from the working tree and from the index
   sparse-checkout   Initialize and modify the sparse-checkout

examine the history and state (see also: git help revisions)
   bisect            Use binary search to find the commit that introduced a bug
   diff              Show changes between commits, commit and working tree, etc
   grep              Print lines matching a pattern
   log               Show commit logs
   show              Show various types of objects
   status            Show the working tree status

grow, mark and tweak your common history
   branch            List, create, or delete branches
   commit            Record changes to the repository
   merge             Join two or more development histories together
   rebase            Reapply commits on top of another base tip
   reset             Reset current HEAD to the specified state
   switch            Switch branches
   tag               Create, list, delete or verify a tag object signed with GPG

collaborate (see also: git help workflows)
   fetch             Download objects and refs from another repository
   pull              Fetch from and integrate with another repository or a local branch
   push              Update remote refs along with associated objects

'git help -a' and 'git help -g' list available subcommands and some
concept guides. See 'git help <command>' or 'git help <concept>'
to read about a specific subcommand or concept.
See 'git help git' for an overview of the system.

E:\Gamica Cloud\Git>git init
Initialized empty Git repository in E:/Gamica Cloud/Git/.git/

E:\Gamica Cloud\Git>git status
On branch master

No commits yet

nothing to commit (create/copy files and use "git add" to track)

E:\Gamica Cloud\Git>git status
On branch master

No commits yet

Untracked files:
  (use "git add <file>..." to include in what will be committed)
        test.html

nothing added to commit but untracked files present (use "git add" to track)

E:\Gamica Cloud\Git>git add test.html

E:\Gamica Cloud\Git>git status
On branch master

No commits yet

Changes to be committed:
  (use "git rm --cached <file>..." to unstage)
        new file:   test.html


E:\Gamica Cloud\Git>git commit -m "I worked for test in First Class of GIT"
Author identity unknown

*** Please tell me who you are.

Run

  git config --global user.email "you@example.com"
  git config --global user.name "Your Name"

to set your account's default identity.
Omit --global to set the identity only in this repository.

fatal: unable to auto-detect email address (got 'Hp@DESKTOP-CEG1NRS.(none)')

E:\Gamica Cloud\Git>  git config --global user.email "you@example.com"

E:\Gamica Cloud\Git>  git config --global user.email "bilalnaveed7861@gmail.com"

E:\Gamica Cloud\Git>git config --global user.emainame "Bilal Naveed"

E:\Gamica Cloud\Git>git config --global user.name "Bilal Naveed"

E:\Gamica Cloud\Git>git commit -m "I worked it for test"
[master (root-commit) 973ebce] I worked it for test
 1 file changed, 0 insertions(+), 0 deletions(-)
 create mode 100644 test.html

E:\Gamica Cloud\Git>git remote add abc https://github.com/bilalnaveed112/Test.git

E:\Gamica Cloud\Git> git remote -v
abc     https://github.com/bilalnaveed112/Test.git (fetch)
abc     https://github.com/bilalnaveed112/Test.git (push)

E:\Gamica Cloud\Git>git add .

E:\Gamica Cloud\Git>git commit -m "files adding"
[master feeb2c7] files adding
 2 files changed, 112 insertions(+)
 create mode 100644 git codes.txt
 create mode 100644 index.html

E:\Gamica Cloud\Git>git push abc master
info: please complete authentication in your browser...
Enumerating objects: 6, done.
Counting objects: 100% (6/6), done.
Delta compression using up to 4 threads
Compressing objects: 100% (4/4), done.
Writing objects: 100% (6/6), 2.06 KiB | 1.03 MiB/s, done.
Total 6 (delta 0), reused 0 (delta 0), pack-reused 0
To https://github.com/bilalnaveed112/Test.git
 * [new branch]      master -> master

E:\Gamica Cloud\Git>git push abc master
Everything up-to-date

E:\Gamica Cloud\Git>git pull abc master
remote: Enumerating objects: 4, done.
remote: Counting objects: 100% (4/4), done.
remote: Compressing objects: 100% (2/2), done.
remote: Total 3 (delta 1), reused 0 (delta 0), pack-reused 0
Unpacking objects: 100% (3/3), 643 bytes | 3.00 KiB/s, done.
From https://github.com/bilalnaveed112/Test
 * branch            master     -> FETCH_HEAD
   feeb2c7..c256b13  master     -> abc/master
Updating feeb2c7..c256b13
Fast-forward
 test1.html | 1 +
 1 file changed, 1 insertion(+)
 create mode 100644 test1.html

E:\Gamica Cloud\Git>git remote rm abc

E:\Gamica Cloud\Git>git remote -v

E:\Gamica Cloud\Git>git checkout -b newtest
Switched to a new branch 'newtest'

E:\Gamica Cloud\Git>git branch
  master
* newtest

E:\Gamica Cloud\Git>git status
On branch newtest
Changes not staged for commit:
  (use "git add <file>..." to update what will be committed)
  (use "git restore <file>..." to discard changes in working directory)
        modified:   git codes.txt

Untracked files:
  (use "git add <file>..." to include in what will be committed)
        branch.html

no changes added to commit (use "git add" and/or "git commit -a")

E:\Gamica Cloud\Git>git add .

E:\Gamica Cloud\Git>git commit -m "branch practice"
[newtest 7bfeb27] branch practice
 2 files changed, 19 insertions(+), 1 deletion(-)
 create mode 100644 branch.html

E:\Gamica Cloud\Git>git status
On branch newtest
nothing to commit, working tree clean

E:\Gamica Cloud\Git>git remote add origin https://github.com/bilalnaveed112/Test.git

E:\Gamica Cloud\Git>git branch
  master
* newtest

E:\Gamica Cloud\Git>git checkout master
Switched to branch 'master'

E:\Gamica Cloud\Git>git checkout newtest
Switched to branch 'newtest'

E:\Gamica Cloud\Git>git push origin newtest
Enumerating objects: 5, done.
Counting objects: 100% (5/5), done.
Delta compression using up to 4 threads
Compressing objects: 100% (3/3), done.
Writing objects: 100% (3/3), 445 bytes | 445.00 KiB/s, done.
Total 3 (delta 2), reused 0 (delta 0), pack-reused 0
remote: Resolving deltas: 100% (2/2), completed with 2 local objects.
remote:
remote: Create a pull request for 'newtest' on GitHub by visiting:
remote:      https://github.com/bilalnaveed112/Test/pull/new/newtest
remote:
To https://github.com/bilalnaveed112/Test.git
 * [new branch]      newtest -> newtest

E:\Gamica Cloud\Git>

