Microsoft Windows [Version 10.0.18363.1198]
(c) 2019 Microsoft Corporation. All rights reserved.

E:\Gamica Cloud\Git>git
usage: git [--version] [--help] [-C <path>] [-c <name>=<value>]
           [--exec-path[=<path>]] [--html-path] [--man-path] [--info-path]
           [-p | --paginate | -P | --no-pager] [--no-replace-objects] [--bare]
           [--git-dir=<path>] [--work-tree=<path>] [--namespace=<name>]
           <command> [<args>]

These are common Git commands used in various situations:

start a working area (see also: git help tutorial)
   clone             Clone a repository into a new directory
   init              Create an empty Git repository or reinitialize an existing one

work on the current change (see also: git help everyday)
   add               Add file contents to the index
   mv                Move or rename a file, a directory, or a symlink
   restore           Restore working tree files
   rm                Remove files from the working tree and from the index
   sparse-checkout   Initialize and modify the sparse-checkout

examine the history and state (see also: git help revisions)
   bisect            Use binary search to find the commit that introduced a bug
   diff              Show changes between commits, commit and working tree, etc
   grep              Print lines matching a pattern
   log               Show commit logs
   show              Show various types of objects
   status            Show the working tree status

grow, mark and tweak your common history
   branch            List, create, or delete branches
   commit            Record changes to the repository
   merge             Join two or more development histories together
   rebase            Reapply commits on top of another base tip
   reset             Reset current HEAD to the specified state
   switch            Switch branches
   tag               Create, list, delete or verify a tag object signed with GPG

collaborate (see also: git help workflows)
   fetch             Download objects and refs from another repository
   pull              Fetch from and integrate with another repository or a local branch
   push              Update remote refs along with associated objects

'git help -a' and 'git help -g' list available subcommands and some
concept guides. See 'git help <command>' or 'git help <concept>'
to read about a specific subcommand or concept.
See 'git help git' for an overview of the system.

E:\Gamica Cloud\Git>git init
Initialized empty Git repository in E:/Gamica Cloud/Git/.git/

E:\Gamica Cloud\Git>git status
On branch master

No commits yet

nothing to commit (create/copy files and use "git add" to track)

E:\Gamica Cloud\Git>git status
On branch master

No commits yet

Untracked files:
  (use "git add <file>..." to include in what will be committed)
        test.html

nothing added to commit but untracked files present (use "git add" to track)

E:\Gamica Cloud\Git>git add test.html

E:\Gamica Cloud\Git>git status
On branch master

No commits yet

Changes to be committed:
  (use "git rm --cached <file>..." to unstage)
        new file:   test.html


E:\Gamica Cloud\Git>git commit -m "I worked for test in First Class of GIT"
Author identity unknown

*** Please tell me who you are.

Run

  git config --global user.email "you@example.com"
  git config --global user.name "Your Name"

to set your account's default identity.
Omit --global to set the identity only in this repository.

fatal: unable to auto-detect email address (got 'Hp@DESKTOP-CEG1NRS.(none)')

E:\Gamica Cloud\Git>  git config --global user.email "you@example.com"

E:\Gamica Cloud\Git>  git config --global user.email "bilalnaveed7861@gmail.com"

E:\Gamica Cloud\Git>git config --global user.emainame "Bilal Naveed"

E:\Gamica Cloud\Git>git config --global user.name "Bilal Naveed"

E:\Gamica Cloud\Git>git commit -m "I worked it for test"
[master (root-commit) 973ebce] I worked it for test
 1 file changed, 0 insertions(+), 0 deletions(-)
 create mode 100644 test.html

E:\Gamica Cloud\Git>